log.note	
exec.memory	636M
exec.time	5.1s
exec.errors	0
exec.warnings	0
iter	2
group	train
train.correct.count	6.0
train.correct.mean	0.0
train.correct.max	0.0
train.oracle.count	6.0
train.oracle.mean	0.0
train.oracle.max	0.0
train.partCorrect.count	6.0
train.partCorrect.mean	0.0
train.partCorrect.max	0.0
train.partOracle.count	6.0
train.partOracle.mean	0.0
train.partOracle.max	0.0
train.parsed.count	6.0
train.parsed.mean	1.0
train.parsed.max	1.0
train.numCandidates.count	6.0
train.numCandidates.mean	13.0
train.numCandidates.max	13.0
train.parsedNumCandidates.count	6.0
train.parsedNumCandidates.mean	13.0
train.parsedNumCandidates.max	13.0
train.numTokens.count	6.0
train.numTokens.mean	4.166666666666667
train.numTokens.max	7.0
train.parseTime.count	6.0
train.parseTime.mean	7.666666666666667
train.parseTime.max	17.0
train.maxCellSize.count	6.0
train.maxCellSize.mean	8.0
train.maxCellSize.max	8.0
train.fallOffBeam.count	6.0
train.fallOffBeam.mean	0.0
train.fallOffBeam.max	0.0
train.totalDerivs.count	6.0
train.totalDerivs.mean	0.0
train.totalDerivs.max	0.0
train.numOfFeaturizedDerivs.count	6.0
train.numOfFeaturizedDerivs.mean	74.0
train.numOfFeaturizedDerivs.max	108.0
train.numCells.count	6.0
train.numCells.mean	56.0
train.numCells.max	90.0
exec.disk	108K
exec.status	done
